
🌐 Переводчик описаний (Google Translate укр→рус)
   Найдено 87 товаров

[1/87] 1205-021 — Шпаклёвка Siltek Acril Finish акриловая финишная,  [full]
  ✗ TypeError: fetch failed

[2/87] 2104-020 — Колорант Polifarb Color Mix арт.30 пурпурный 0,12  [full]
  ✗ TypeError: fetch failed

[3/87] 1204-013 — Aura Koncentrat AquaGrund — Грунтовка-концентрат в [full]
  ✗ TypeError: fetch failed

[4/87] 2101-037 — Эмаль Polifarb DekoMal ПФ-266 красно-коричневаяя,  [full]
  ✗ TypeError: fetch failed

[5/87] 1204-020 — Aura Koncentrat GammaGrund — Укрепляющая грунтовка [full]
  ✓ Aura Koncentrat GammaGrund — укрепляющая грунтовка-концентрат на акриловой основе, которая...

[6/87] 2101-040 — Эмаль Polifarb ExtraMal ПФ-115 белая, 2,7 кг [full]
  ✓ Эмаль Polifarb ExtraMal ПФ-115 белая – универсальное алкидное покрытие для металла, дерева...

[7/87] 2108-013 — Aura Fasad — Акриловая фасадная краска матовая, 7  [full]
  ✓ Aura Fasad – матовая акриловая краска от бренда AURA, специально разработанная для надежно...

[8/87] 2108-019 — Aura Fasad Fort — Силиконовая фасадная краска мато [full]
  ✓ Aura Fasad Fort – силиконовая фасадная краска от бренда AURA с матовым эффектом и повышенн...

[9/87] 1402-017 — Aura Lasur Aqua — Декоративная акриловая лазурь дл [full]
  ✓ Aura Lasur Aqua – это декоративная акриловая лазурь на водной основе, разработанная специа...

[10/87] 2108-022 — Aura Fasad Fort — Силиконовая фасадная краска мато [full]
  ✓ Aura Fasad Fort — силиконовая фасадная матовая краска от AURA с уникальным эффектом лотоса...

[11/87] 1604-014 — Клей Дивоцвит ПВА Столярный D3, 250 г [full]
  ✓ Клей Чудоцвет ПВА Столярный D3 — надежное украинское решение для склеивания древесины, фан...

[12/87] 1702-043 — Шуруп Knauf Diamantschraube XTN 3,9х23 (уп. 1000 ш [full]
  ✓ Шуруп Knauf Diamantschraube XTN 3,9х23 — надежный крепеж для гипсокартона и легких констру...

[13/87] 2108-020 — Aura Fasad Fort — Силиконовая фасадная краска мато [full]
  ✓ Aura Fasad Fort – силиконовая фасадная краска от бренда AURA с уникальным эффектом лотоса,...

[14/87] 1201-001 — Средство противогрибковое Дивоцвит К4, 0,8 л [full]
  ✓ Средство противогрибковое Чудоцвет К4 украинского производства – мощная формула для эффект...

[15/87] 1204-018 — Aura Koncentrat GammaGrund — Укрепляющая грунтовка [full]
  ✓ Aura Koncentrat GammaGrund – укрепляющая грунтовка-концентрат на акриловой основе, разрабо...

[16/87] 2109-035 — Aura Mattlatex — Матовая латексная краска для стен [full]
  ✓ Aura Mattlatex – матовая латексная краска от немецкого производителя AURA для оформления с...

[17/87] 1204-015 — Aura Koncentrat AquaGrund — Грунтовка-концентрат в [full]
  ✓ Aura Koncentrat AquaGrund – влагозащитная грунтовка-концентрат на акриловой основе, котора...

[18/87] 1300-016 — Затирка для швов Ceresit CE33, 138, 2 кг, кремовый [full]
  ✓ Замазка для швов Ceresit CE33 кремового цвета – надежное решение для герметизации швов в в...

[19/87] 1402-002 — Aura Lasur Aqua — Декоративная акриловая лазурь дл [full]
  ✓ Aura Lasur Aqua Бесцветная – это декоративная акриловая лазурь на водной основе, разработа...

[20/87] 1300-043 — Затирка для швов Ceresit CE40,  43, 2 кг, багама [full]
  ✓ Замазка для швов Ceresit CE40 багамского цвета – надежное решение для герметизации межплит...

[21/87] 1402-005 — Aura Lasur Aqua — Декоративная акриловая лазурь дл [full]
  ✓ Aura Lasur Aqua – это декоративная акриловая лазурь на водной основе, разработанная специа...

[22/87] 1601-024 — Клей для обоев Pufas Эконом, 200 г [full]
  ✓ Клей для обоев Pufas Эконом от немецкого производителя – надежное решение для наклеивания ...

[23/87] 1505-005 — Правило-уровень 2500мм, профиль 1 мм, капсулы 90°, [full]
  ✓ Правило-уровень 2500 мм от производителя Сталь – это надежный профессиональный инструмент ...

[24/87] 1600-038 — Клей Химик плюс Глобус, универсальный водостойкий  [full]
  ✓ Универсальный водостойкий клей Химик плюс Глобус обеспечивает надежное склеивание различны...

[25/87] 1603-011 — Клей монтажный каучуковый Lacrysil Сверхпрочный пр [full]
  ✓ Клей монтажный каучуковый Lacrysil Сверхпрочный прозрачный 0,28 кг – однокомпонентное реше...

[26/87] 1603-020 — Клей Дивоцвит ПВА Прочный,  500 г [full]
  ✓ Клей ПВА Крепкий от украинского бренда Дивоцвет – это однокомпонентный водорастворимый кле...

[27/87] 1605-009 — Клей монтажный акриловый Lacrysil Жидкие гвозди бе [full]
  ✓ Клей монтажный акриловый Lacrysil "Жидкие гвозди" белый 0,4 кг. Однокомпонентная паста бел...

[28/87] 1503-056 — Лезвие для ножа СТАЛЬ 18*100мм (10 шт) [full]
  ✓ Лезвие для ножа СТАЛЬ 18×100 мм — набор из 10 сменных лезвий из закаленной стали, обеспечи...

[29/87] 1600-037 — Клей Химик плюс Автоклей 40 мл [full]
  ✓ Автоклей Химик плюс 40 мл – надежный универсальный помощник для быстрого и прочного соедин...

[30/87] 1503-057 — Нож универс. пласт.корпус, мет.направ.18мм лезвие  [full]
  ✓ Универсальный нож Сталь с пластиковым корпусом и металлическим лезвием 18 мм – надежный ин...

[31/87] 1701-046 — Дюбель для монтажа изолятора Masterplast 10х90мм,  [full]
  ✓ Дюбель Masterplast 10х90 мм с пластиковым гвоздем – надежное решение для монтажа теплоизол...

[32/87] 2109-023 — Aura Luxpro 10 — Полуматоваяя краска для кухонь и  [full]
  ✓ Aura Luxpro 10 – полуматовая водоэмульсионная интерьерная краска от бренда AURA, специальн...

[33/87] 1502-004 — Пистолет для пены Сталь, FG-3102 [full]
  ✓ Пистолет для пены Сталь FG-3102 – надежный монтажный инструмент для герметизации и теплоиз...

[34/87] 1702-113 — Шуруп Knauf Blechschraube LN 3,5х11 (уп. 1000 шт) [full]
  ✓ Шуруп Knauf Blechschraube LN 3,5х11 – надежное решение от ведущего немецкого производителя...

[35/87] 1604-008 — Клей водостойкий Lacrysil ПВА D3  2 кг [full]
  ✓ Клей водостойкий Lacrysil ПВА D3 – надежное украинское решение для склеивания древесины, ф...

[36/87] 1202-011 — Грунт Polifarb ГФ-021 Extra Mal серый, 2,8 кг [full]
  ✓ Алкидная грунтовка Polifarb ГФ-021 Extra Mal – надежная защита металлических и деревянных ...

[37/87] 1901-014 — Пластификатор Weco Противоморозный, 10 л [full]
  ✓ Пластификатор Weco Противоморозный — специализированная добавка украинского производства д...

[38/87] 2001-004 — Герметизирующая лента Aqua Protect (LT) 150*1.5, 3 [full]
  ✓ Герметизирующая лента Aqua Protect размером 150х1,5 мм – надежный выбор для герметизации ш...

[39/87] 2101-029 — Эмаль Polifarb DekoMal ПФ-115 красно-коричневаяя,  [full]
  ✓ Эмаль алкидная Polifarb DekoMal ПФ-115 красно-коричневого цвета – универсальное покрытие д...

[40/87] 2101-023 — Эмаль Polifarb DekoMal ПФ-115 темно коричневая, 0, [full]
  ✓ Эмаль Polifarb DekoMal ПФ-115 темно коричневая – универсальное алкидное покрытие для метал...

[41/87] 2101-047 — Эмаль Polifarb ExtraMal ПФ-115 коричнево-шоколадна [full]
  ✓ Эмаль Polifarb ExtraMal ПФ-115 коричнево-шоколадная – универсальное алкидное покрытие для ...

[42/87] 2101-059 — Эмаль Polifarb ExtraMal ПФ-115 красная, 0,9 кг [full]
  ✓ Эмаль Polifarb ExtraMal ПФ-115 красная – надежное алкидное покрытие для защиты металлическ...

[43/87] 2101-073 — Защита 3 в 1 Polifarb, белый, 2,7 кг [full]
  ✓ Алкидная эмаль Polifarb Защита 3 в 1 белая — это универсальное покрытие, которое обеспечив...

[44/87] 1600-017 — Клей Siltek Т-801 для плитки и камня универсальный [full]
  ✓ Клей Siltek Т-801 – универсальный монтажный клей для плитки и камня, обеспечивающий надежн...

[45/87] 1601-013 — Клей для обоев Momental Универсал Premium, 250 г [full]
  ✓ Клей для обоев Momental Универсал Premium от Дивоцвета – надежное решение для поклейки люб...

[46/87] 1601-028 — Клей для обоев КМЦ-Н, 125 г [full]
  ✓ Клей для обоев КМЦ-Н от Дивоцвета — надежное решение украинского производства для наклейки...

[47/87] 2108-003 — Краска Polifarb Универсал-Фасад  7 кг [full]
  ✓ Краска Polifarb Универсал-Фасад – мощная водоэмульсионная композиция украинского производс...

[48/87] 2100-015 — Краска Polifarb Екокраска  7 кг [full]
  ✓ Краска Polifarb Экокраска 7 кг – водоэмульсионная акриловая краска, которая обеспечивает б...

[49/87] 2109-020 — Aura Luxpro 10 — Полуматоваяя краска для кухонь и  [full]
  ✓ Aura Luxpro 10 – полуматовая водоэмульсионная краска от ведущего бренда AURA, специально р...

[50/87] 2109-018 — Aura Luxpro 7 — Шелково-матоваяя интерьерная краск [full]
  ✓ Aura Luxpro 7 – шелково-матовая водоэмульсионная интерьерная краска от бренда AURA, сочета...

[51/87] 2105-011 — Лазурь алкидная Polifarb древозащита, каштан,  0,7 [full]
  ✓ Лазурь алкидная Polifarb древозащита в цвете каштан – это надежная защита древесины от вла...

[52/87] 2109-029 — Aura Luxpro Thermo Matt — Матовая акриловая эмаль  [full]
  ✓ Aura Luxpro Thermo Matt – матовая акриловая эмаль от бренда AURA, специально разработанная...

[53/87] 2002-003 — Лента малярная HARDEX №572 48мм х 33м [full]
  ✓ Малярная лента HARDEX №572 48мм х 33м – надежный помощник для создания идеально ровных лин...

[54/87] 2002-002 — Лента малярная HARDEX №572 25мм х 33м [full]
  ✓ Малярная лента HARDEX №572 25мм х 33м – надежный помощник для качественной покраски любых ...

[55/87] 2002-015 — Лента малярная Сталь PRO 38мм х40м, арт. 36104 [full]
  ✓ Малярная лента Сталь PRO 38мм х40м – профессиональный материал для идеально ровных линий п...

[56/87] 2108-017 — Aura Fasad Expo — Универсальная фасадная и интерье [full]
  ✓ Aura Fasad Expo – универсальная матовая краска от бренда AURA, разработанная для надежной ...

[57/87] 2108-021 — Aura Fasad Fort — Силиконовая фасадная краска мато [full]
  ✓ Aura Fasad Fort – силиконовая фасадная краска от бренда AURA, разработанная с технологией ...

[58/87] 2109-004 — Краска Polifarb Снежинка интерьерная 12,5 кг [full]
  ✓ Краска Polifarb Снежинка интерьерная 12,5 кг – водоэмульсионная акриловая краска, которая ...

[59/87] 2109-008 — Aura Lux Pro 3 — Матовая интерьерная краска для ст [full]
  ✓ Aura Lux Pro 3 – матовая интерьерная водоэмульсионная краска от престижного бренда AURA, о...

[60/87] 1600-008 — Клей Pattex Universal Epoxy, шприц, 6 мл [full]
  ✓ Pattex Universal Epoxy – двухкомпонентный эпоксидный клей в удобном шприце 6 мл, предназна...

[61/87] 1803-006 — Пена монтажнаяя Soudal зимняя, 750 мл [full]
  ✓ Монтажная пена Soudal зимняя (750 мл) – однокомпонентное полиуретановое решение специально...

[62/87] 2100-022 — Aura Beton Kontakt — Адгезионная грунтовка с кварц [full]
  ✓ Aura Beton Kontakt – профессиональная адгезионная грунтовка с кварцевым песком, обеспечива...

[63/87] 2101-045 — Эмаль Polifarb ExtraMal ПФ-115 зеленая, 2,8 кг [full]
  ✓ Эмаль Polifarb ExtraMal ПФ-115 зеленая – универсальное алкидное покрытие для защиты деревя...

[64/87] 1505-001 — Правило 'трапеция' 250 см (95 мм) Сталь, арт. 2605 [full]
  ✓ Строительное правило «трапеция» 250 см от производителя Сталь – это профессиональный инстр...

[65/87] 1503-052 — Диск шлифовальный для болгарки самозацепной Титан  [full]
  ✓ Диск шлифовальный самозацепной Титан диаметром 125 мм с зернистостью P150 – надежный инстр...

[66/87] 1600-005 — Клей Pattex Repair express эпоксидный, 48 г [full]
  ✓ Pattex Repair express – двухкомпонентный эпоксидный клей в компактной упаковке 48 г, разра...

[67/87] 2101-007 — Эмаль Polifarb DekoMal ПФ-115 вишневая, 0,9 кг [full]
  ✓ Эмаль Polifarb DekoMal ПФ-115 вишневая – универсальное алкидное покрытие для металлических...

[68/87] 2108-005 — Краска Polifarb Фасад-Ультра 14 кг [full]
  ✓ Краска Polifarb Фасад-Ультра 14 кг – профессиональная акриловая композиция от отечественно...

[69/87] 1702-042 — Шуруп Knauf Blechschraube LB 3,5х9,5 с буром (уп.  [full]
  ✓ Шуруп Knauf Blechschraube LB 3,5х9,5 от немецкого производителя – надежное решение для мон...

[70/87] 1803-002 — Пена монтажнаяя Lacrysil 60 профессиональная 750 м [full]
  ✓ Профессиональная монтажная пена Lacrysil 60 (750 мл) – надежное решение для герметизации щ...

[71/87] 2100-004 — Грунт-краска Siltek E-105 контактная База EA, 10 л [full]
  ✓ Грунт-краска Siltek E-105 контактная База EA – современный комбинированный материал на акр...

[72/87] 2101-027 — Эмаль Polifarb DekoMal ПФ-115 красная, 0,9 кг [full]
  ✓ Эмаль Polifarb DekoMal ПФ-115 красная – универсальное алкидное покрытие для металла, дерев...

[73/87] 1402-014 — Aura Lasur Aqua — Декоративная акриловая лазурь дл [full]
  ✓ Aura Lasur Aqua – это декоративная акриловая лазурь на водной основе, разработанная специа...

[74/87] 1402-011 — Aura Lasur Aqua — Декоративная акриловая лазурь дл [full]
  ✓ Aura Lasur Aqua – это декоративная акриловая лазурь на водной основе, разработанная специа...

[75/87] 2107-005 — Уайт-спирит-растворитель SKYLINE  4,7л. [full]
  ✓ Уайт-спирит-растворитель SKYLINE от Lotus – надежный универсальный растворитель для развед...

[76/87] 2105-023 — Aura Aqua Lack 20 — Интерьерный акриловый лак, 1 л [short+full]
  ✓ Интерьерный акриловый водоразжижаемый лак. Предохраняет поверхность от загрязнения и влаги...

[77/87] 2105-024 — Aura Aqua Lack 20 — Интерьерный акриловый лак, 2,5 [short+full]
  ✓ Интерьерный акриловый водоразжижаемый лак. Предохраняет поверхность от загрязнения и влаги...

[78/87] 2105-025 — Aura Aqua Lack 20 — Интерьерный акриловый лак, 10  [short+full]
  ✓ Интерьерный акриловый водоразжижаемый лак. Предохраняет поверхность от загрязнения и влаги...

[79/87] 2105-026 — Aura Aqua Lack 70 — Интерьерный акриловый лак, 1 л [short+full]
  ✓ Интерьерный акриловый водоразжижаемый лак. Глянцевый. Предохраняет поверхность от загрязне...

[80/87] 2105-027 — Aura Aqua Lack 70 — Интерьерный акриловый лак, 2,5 [short+full]
  ✓ Интерьерный акриловый водоразжижаемый лак. Глянцевый. Предохраняет поверхность от загрязне...

[81/87] 2105-028 — Aura Aqua Lack 70 — Интерьерный акриловый лак, 10  [short+full]
  ✓ Интерьерный акриловый водоразжижаемый лак. Глянцевый. Предохраняет поверхность от загрязне...

[82/87] 2105-029 — Aura Dekor Lack — Фасадный лак для каменю, 0,75 л [short+full]
  ✓ Акриловый водоразжижаемый защитно-декоративный фасадный лак для камня. Глянцевый. Эффект «...

[83/87] 2105-030 — Aura Dekor Lack — Фасадный лак для каменю, 2,5 л [short+full]
  ✓ Акриловый водоразжижаемый защитно-декоративный фасадный лак для камня. Глянцевый. Эффект «...

[84/87] 2105-031 — Aura Dekor Lack — Фасадный лак для каменю, 10 л [short+full]
  ✓ Акриловый водоразжижаемый защитно-декоративный фасадный лак для камня. Глянцевый. Эффект «...

[85/87] 2105-032 — Aura Dekor Lack Matt — Фасадный лак для каменю пол [short+full]
  ✓ Акриловый водоразжижаемый защитно-декоративный полуматовый фасадный лак для камня. Эффект ...

[86/87] 2105-033 — Aura Dekor Lack Matt — Фасадный лак для каменю пол [short+full]
  ✓ Акриловый водоразжижаемый защитно-декоративный полуматовый фасадный лак для камня. Эффект ...

[87/87] 2105-034 — Aura Dekor Lack Matt — Фасадный лак для каменю пол [short+full]
  ✓ Акриловый водоразжижаемый защитно-декоративный полуматовый фасадный лак для камня. Эффект ...


✅ Готово: 83 переведено, 4 ошибок
